Archive member included because of file (symbol)

/home/sun/study/crosstools/4.4.3/lib/gcc/arm-none-linux-gnueabi/4.4.3/libgcc.a(_udivsi3.o)
                              print.o (__aeabi_uidiv)
/home/sun/study/crosstools/4.4.3/lib/gcc/arm-none-linux-gnueabi/4.4.3/libgcc.a(_dvmd_lnx.o)
                              /home/sun/study/crosstools/4.4.3/lib/gcc/arm-none-linux-gnueabi/4.4.3/libgcc.a(_udivsi3.o) (__div0)
/home/sun/study/crosstools/4.4.3/arm-none-linux-gnueabi/sys-root/usr/lib/libc.a(raise.o)
                              /home/sun/study/crosstools/4.4.3/lib/gcc/arm-none-linux-gnueabi/4.4.3/libgcc.a(_dvmd_lnx.o) (raise)
/home/sun/study/crosstools/4.4.3/arm-none-linux-gnueabi/sys-root/usr/lib/libc.a(errno.o)
                              /home/sun/study/crosstools/4.4.3/arm-none-linux-gnueabi/sys-root/usr/lib/libc.a(raise.o) (__libc_errno)
/home/sun/study/crosstools/4.4.3/arm-none-linux-gnueabi/sys-root/usr/lib/libc.a(aeabi_read_tp.o)
                              /home/sun/study/crosstools/4.4.3/arm-none-linux-gnueabi/sys-root/usr/lib/libc.a(raise.o) (__aeabi_read_tp)

Allocating common symbols
Common symbol       size              file

dwWillDMACnt        0x4               ./usbslave/usbinit.o
descEndpt0          0x7               ./usbslave/usbsetup.o
tempDownloadAddress
                    0x4               ./usbslave/usbinit.o
ep0State            0x4               ./usbslave/usbsetup.o
isr_handle_array    0xc8              interrupt.o
totalDmaCount       0x4               ./usbslave/usbinit.o
ep3Buf              0x20              ./usbslave/usbout.o
endpoint1_status    0x1               ./usbslave/usbsetup.o
ep0SubState         0x4               ./usbslave/usbsetup.o
descDev             0x12              ./usbslave/usbsetup.o
AlterSetting        0x1               ./usbslave/usbsetup.o
interface_status    0x1               ./usbslave/usbsetup.o
dbgStrFifo          0x1000            ./usbslave/usbmain.o
endpoint0_status    0x1               ./usbslave/usbsetup.o
ConfigSet           0x1               ./usbslave/usbsetup.o
InterfaceGet        0x1               ./usbslave/usbsetup.o
device_status       0x1               ./usbslave/usbsetup.o
descConf            0x9               ./usbslave/usbsetup.o
downloadAddress     0x4               ./usbslave/usbinit.o
Rwuen               0x1               ./usbslave/usbsetup.o
downloadFileSize    0x4               ./usbslave/usbinit.o
endpoint3_status    0x1               ./usbslave/usbsetup.o
dwUSBBufWritePtr    0x4               ./usbslave/usbinit.o
descEndpt1          0x7               ./usbslave/usbsetup.o
StatusGet           0x5               ./usbslave/usbsetup.o
consoleNum          0x4               ./usbslave/usbinit.o
checkSum            0x2               ./usbslave/usbinit.o
numbers             0x44              print.o
bDMAPending         0x4               ./usbslave/usbinit.o
descIf              0x9               ./usbslave/usbsetup.o
dwUSBBufReadPtr     0x4               ./usbslave/usbinit.o
isUsbdSetConfiguration
                    0x4               ./usbslave/usbinit.o
downPt              0x4               ./usbslave/usbinit.o
descSetup           0x8               ./usbslave/usbsetup.o
dwUSBBufBase        0x4               ./usbslave/usbinit.o
g_TimerIntHappen    0x4               ./usbslave/usbinterrupt.o

Memory Configuration

Name             Origin             Length             Attributes
*default*        0x00000000         0xffffffff

Linker script and memory map

                0x30000000                . = 0x30000000
                0x30000000                . = ALIGN (0x4)

.text           0x30000000     0x5b70
 start.o(.text)
 .text          0x30000000      0x520 start.o
                0x30000000                _start
                0x30000044                _armboot_start
                0x30000048                _bss_start
                0x3000004c                _bss_end
 lowlevel_init.o()
 .text          0x30000520       0x70 lowlevel_init.o
                0x30000524                lowlevel_init
 .data          0x30000590        0x0 lowlevel_init.o
 .bss           0x30000590        0x0 lowlevel_init.o
 .ARM.attributes
                0x30000590       0x1a lowlevel_init.o
 nand.o()
 *fill*         0x300005aa        0x2 00
 .text          0x300005ac      0x884 nand.o
                0x300005ac                __RdPage512
                0x30000614                Nand_Reset
                0x300006b8                NF8_CheckId
                0x300007c8                Nand_Init
                0x30000818                Nand_IsBadBlockPage512
                0x30000918                Nand_IsBadBlockPage2048
                0x30000a2c                Nand_IsBadBlock
                0x30000a8c                Nand_ReadSectorPage512
                0x30000b70                Nand_ReadSectorPage2048
                0x30000c94                Nand_ReadSector
                0x30000d00                CopyProgramFromNand
 .data          0x30000e30        0x0 nand.o
 .bss           0x30000e30        0x0 nand.o
 .comment       0x30000e30       0x18 nand.o
                                 0x19 (size before relaxing)
 .note.GNU-stack
                0x30000e48        0x0 nand.o
 .ARM.attributes
                0x30000e48       0x2a nand.o
 interrupt.o()
 *fill*         0x30000e72        0x2 00
 .text          0x30000e74      0x264 interrupt.o
                0x30000eac                ClearPending_my
                0x30000ef0                do_undefined_instruction
                0x30000f08                do_software_interrupt
                0x30000f20                do_prefetch_abort
                0x30000f38                do_data_abort
                0x30000f50                do_not_used
                0x30000f68                Dummy_isr
                0x30000fb0                Isr_Init
                0x30001038                IRQ_Handle
 .data          0x300010d8        0x0 interrupt.o
 .bss           0x300010d8        0x0 interrupt.o
 .rodata        0x300010d8       0xb8 interrupt.o
 .comment       0x00000000       0x19 interrupt.o
 .note.GNU-stack
                0x30001190        0x0 interrupt.o
 .ARM.attributes
                0x30001190       0x2a interrupt.o
 *fill*         0x300011ba        0x2 00
 COMMON         0x300011bc       0xc8 interrupt.o
                0x300011bc                isr_handle_array
 *(.text)
 .text          0x30001284      0x2ac mmu.o
                0x30001284                MMU_Init
                0x30001480                MMU_SetMTT
 .text          0x30001530      0x184 mmulib.o
                0x30001530                SET_IF
                0x30001544                WR_IF
                0x3000154c                CLR_IF
                0x3000155c                MMU_EnableICache
                0x3000156c                MMU_DisableICache
                0x3000157c                MMU_EnableDCache
                0x3000158c                MMU_DisableDCache
                0x3000159c                MMU_EnableAlignFault
                0x300015ac                MMU_DisableAlignFault
                0x300015bc                MMU_EnableMMU
                0x300015cc                MMU_DisableMMU
                0x300015dc                MMU_SetFastBusMode
                0x300015ec                MMU_SetAsyncBusMode
                0x300015fc                MMU_SetTTBase
                0x30001604                MMU_SetDomain
                0x3000160c                MMU_InvalidateIDCache
                0x30001614                MMU_InvalidateICache
                0x3000161c                MMU_InvalidateICacheMVA
                0x30001624                MMU_PrefetchICacheMVA
                0x3000162c                MMU_InvalidateDCache
                0x30001634                MMU_InvalidateDCacheMVA
                0x3000163c                MMU_CleanDCacheMVA
                0x30001644                MMU_CleanInvalidateDCacheMVA
                0x3000164c                MMU_CleanDCacheIndex
                0x30001654                MMU_CleanInvalidateDCacheIndex
                0x3000165c                MMU_WaitForInterrupt
                0x30001664                MMU_InvalidateTLB
                0x3000166c                MMU_InvalidateITLB
                0x30001674                MMU_InvalidateITLBMVA
                0x3000167c                MMU_InvalidateDTLB
                0x30001684                MMU_InvalidateDTLBMVA
                0x3000168c                MMU_SetDCacheLockdownBase
                0x30001694                MMU_SetICacheLockdownBase
                0x3000169c                MMU_SetDTLBLockdown
                0x300016a4                MMU_SetITLBLockdown
                0x300016ac                MMU_SetProcessId
 .text          0x300016b4       0x98 main.o
                0x300016b4                main
 .text          0x3000174c      0xaec 2440lib.o
                0x3000174c                Delay
                0x30001888                Port_Init
                0x30001a38                Uart_Init
                0x30001aec                Uart_TxEmpty
                0x30001b7c                Uart_Getch
                0x30001c50                Uart_GetKey
                0x30001d48                Uart_GetString
                0x30001e00                Uart_SendByte
                0x30001f90                Uart_SendString
                0x30001fdc                ChangeMPllValue
                0x30002028                enable_irq
                0x30002048                ChangeUPllValue
                0x30002094                LedOn
                0x3000213c                LedOff
                0x300021e0                BeepOn
                0x3000220c                BeepOff
 .text          0x30002238      0xa9c print.o
                0x30002238                do_div
                0x300022a0                memcpy
                0x30002330                number
                0x30002534                format_decode
                0x3000289c                vsnprintf
                0x30002c74                printk
 .text          0x30002cd4      0x490 ./usbslave/usbinit.o
                0x30002d0c                usb_init_slave
                0x30002dc0                usb_receive
 .text          0x30003164      0x220 ./usbslave/usbmain.o
                0x30003184                UsbdMain
                0x300031a0                IsrUsbd
                0x30003320                _WrDbgStrFifo
 .text          0x30003384      0x7ac ./usbslave/usblib.o
                0x300033dc                ConfigUsbd
                0x30003420                ReconfigUsbd
                0x30003654                RdPktEp0
                0x300036c8                WrPktEp0
                0x30003738                WrPktEp1
                0x300037a8                WrPktEp2
                0x30003818                RdPktEp3
                0x3000388c                RdPktEp4
                0x30003900                ConfigEp3DmaMode
                0x30003a8c                ConfigEp3IntMode
 .text          0x30003b30     0x14d8 ./usbslave/usbsetup.o
                0x30003b50                Ep0Handler
                0x30004d88                InitDescriptorTable
 .text          0x30005008      0x688 ./usbslave/usbout.o
                0x30005044                Ep3Handler
                0x300053c4                IsrDma2
                0x30005634                ClearEp3OutPktReady
 .text          0x30005690      0x2d4 ./usbslave/usbinterrupt.o
                0x300056c8                Timer_InitEx
                0x3000574c                Timer_StartEx
                0x300057b4                Timer_StopEx
                0x3000587c                IsrWatchdog
                0x300058d0                IsrTimer4
                0x300058fc                Usb_Isr_Init
 .text          0x30005964      0x114 /home/sun/study/crosstools/4.4.3/lib/gcc/arm-none-linux-gnueabi/4.4.3/libgcc.a(_udivsi3.o)
                0x30005964                __udivsi3
                0x30005964                __aeabi_uidiv
                0x30005a60                __aeabi_uidivmod
 .text          0x30005a78       0x14 /home/sun/study/crosstools/4.4.3/lib/gcc/arm-none-linux-gnueabi/4.4.3/libgcc.a(_dvmd_lnx.o)
                0x30005a78                __div0
 .text          0x30005a8c       0xc8 /home/sun/study/crosstools/4.4.3/arm-none-linux-gnueabi/sys-root/usr/lib/libc.a(raise.o)
                0x30005a8c                gsignal
                0x30005a8c                raise
 .text          0x30005b54        0x0 /home/sun/study/crosstools/4.4.3/arm-none-linux-gnueabi/sys-root/usr/lib/libc.a(errno.o)
 *fill*         0x30005b54        0xc 00
 .text          0x30005b60       0x10 /home/sun/study/crosstools/4.4.3/arm-none-linux-gnueabi/sys-root/usr/lib/libc.a(aeabi_read_tp.o)
                0x30005b60                __aeabi_read_tp

.glue_7         0x30005b70        0x0
 .glue_7        0x00000000        0x0 linker stubs

.glue_7t        0x30005b70        0x0
 .glue_7t       0x00000000        0x0 linker stubs

.vfp11_veneer   0x30005b70        0x0
 .vfp11_veneer  0x00000000        0x0 linker stubs

.v4_bx          0x30005b70        0x0
 .v4_bx         0x00000000        0x0 linker stubs
                0x30005b70                . = ALIGN (0x4)

.rodata         0x30005b70      0x21c
 *(SORT(.rodata*))
 .rodata        0x30005b70       0x88 main.o
 .rodata        0x30005bf8        0x4 2440lib.o
 .rodata        0x30005bfc       0x14 print.o
 .rodata        0x30005c10      0x120 ./usbslave/usbinit.o
 .rodata        0x30005d30       0x4c ./usbslave/usbsetup.o
 .rodata        0x30005d7c       0x10 ./usbslave/usbout.o

.rel.dyn        0x30005d8c        0x0
 .rel.got       0x00000000        0x0 /home/sun/study/crosstools/4.4.3/arm-none-linux-gnueabi/sys-root/usr/lib/libc.a(raise.o)
                0x30005d8c                . = ALIGN (0x4)

.data           0x30005d8c        0xa
 *(.data)
 .data          0x30005d8c        0x0 start.o
 .data          0x30005d8c        0x0 mmu.o
 .data          0x30005d8c        0x0 mmulib.o
 .data          0x30005d8c        0x0 main.o
 .data          0x30005d8c        0x0 2440lib.o
 .data          0x30005d8c        0x4 print.o
                0x30005d8c                digits
 .data          0x30005d90        0x4 ./usbslave/usbinit.o
                0x30005d90                dwUSBBufSize
 .data          0x30005d94        0x0 ./usbslave/usbmain.o
 .data          0x30005d94        0x0 ./usbslave/usblib.o
 .data          0x30005d94        0x2 ./usbslave/usbsetup.o
                0x30005d94                Configuration
                0x30005d95                Selfpwr
 .data          0x30005d96        0x0 ./usbslave/usbout.o
 .data          0x30005d96        0x0 ./usbslave/usbinterrupt.o
 .data          0x30005d96        0x0 /home/sun/study/crosstools/4.4.3/lib/gcc/arm-none-linux-gnueabi/4.4.3/libgcc.a(_udivsi3.o)
 .data          0x30005d96        0x0 /home/sun/study/crosstools/4.4.3/lib/gcc/arm-none-linux-gnueabi/4.4.3/libgcc.a(_dvmd_lnx.o)
 .data          0x30005d96        0x0 /home/sun/study/crosstools/4.4.3/arm-none-linux-gnueabi/sys-root/usr/lib/libc.a(raise.o)
 .data          0x30005d96        0x0 /home/sun/study/crosstools/4.4.3/arm-none-linux-gnueabi/sys-root/usr/lib/libc.a(errno.o)
 .data          0x30005d96        0x0 /home/sun/study/crosstools/4.4.3/arm-none-linux-gnueabi/sys-root/usr/lib/libc.a(aeabi_read_tp.o)

.got.plt        0x30005d98        0xc
 .got.plt       0x30005d98        0xc /home/sun/study/crosstools/4.4.3/arm-none-linux-gnueabi/sys-root/usr/lib/libc.a(raise.o)
                0x30005d98                _GLOBAL_OFFSET_TABLE_
                0x30005da4                . = ALIGN (0x4)

.got            0x30005da4        0x4
 *(.got)
 .got           0x30005da4        0x4 /home/sun/study/crosstools/4.4.3/arm-none-linux-gnueabi/sys-root/usr/lib/libc.a(raise.o)
                0x30005da8                . = ALIGN (0x4)
                0x30005da8                __bss_start = .

.bss            0x30005da8     0x1520
 *(.bss)
 .bss           0x30005da8        0x0 start.o
 .bss           0x30005da8        0x0 mmu.o
 .bss           0x30005da8        0x0 mmulib.o
 .bss           0x30005da8        0x0 main.o
 .bss           0x30005da8        0x4 2440lib.o
 .bss           0x30005dac      0x400 print.o
 .bss           0x300061ac        0xc ./usbslave/usbinit.o
                0x300061ac                err
                0x300061b0                download_run
                0x300061b4                menuUsed
 .bss           0x300061b8        0x8 ./usbslave/usbmain.o
                0x300061b8                dbgStrRdPt
                0x300061bc                dbgStrWrPt
 .bss           0x300061c0        0x0 ./usbslave/usblib.o
 .bss           0x300061c0        0x4 ./usbslave/usbsetup.o
 .bss           0x300061c4        0x0 ./usbslave/usbout.o
 .bss           0x300061c4        0x4 ./usbslave/usbinterrupt.o
 .bss           0x300061c8        0x0 /home/sun/study/crosstools/4.4.3/lib/gcc/arm-none-linux-gnueabi/4.4.3/libgcc.a(_udivsi3.o)
 .bss           0x300061c8        0x0 /home/sun/study/crosstools/4.4.3/lib/gcc/arm-none-linux-gnueabi/4.4.3/libgcc.a(_dvmd_lnx.o)
 .bss           0x300061c8        0x0 /home/sun/study/crosstools/4.4.3/arm-none-linux-gnueabi/sys-root/usr/lib/libc.a(raise.o)
 .bss           0x300061c8        0x0 /home/sun/study/crosstools/4.4.3/arm-none-linux-gnueabi/sys-root/usr/lib/libc.a(errno.o)
 .bss           0x300061c8        0x0 /home/sun/study/crosstools/4.4.3/arm-none-linux-gnueabi/sys-root/usr/lib/libc.a(aeabi_read_tp.o)
                0x300061c8                . = ALIGN (0x4)
 COMMON         0x300061c8       0x44 print.o
                0x300061c8                numbers
 COMMON         0x3000620c       0x34 ./usbslave/usbinit.o
                0x3000620c                dwWillDMACnt
                0x30006210                tempDownloadAddress
                0x30006214                totalDmaCount
                0x30006218                downloadAddress
                0x3000621c                downloadFileSize
                0x30006220                dwUSBBufWritePtr
                0x30006224                consoleNum
                0x30006228                checkSum
                0x3000622c                bDMAPending
                0x30006230                dwUSBBufReadPtr
                0x30006234                isUsbdSetConfiguration
                0x30006238                downPt
                0x3000623c                dwUSBBufBase
 COMMON         0x30006240     0x1000 ./usbslave/usbmain.o
                0x30006240                dbgStrFifo
 COMMON         0x30007240       0x64 ./usbslave/usbsetup.o
                0x30007240                descEndpt0
                0x30007248                ep0State
                0x3000724c                endpoint1_status
                0x30007250                ep0SubState
                0x30007254                descDev
                0x30007266                AlterSetting
                0x30007267                interface_status
                0x30007268                endpoint0_status
                0x3000726c                ConfigSet
                0x30007270                InterfaceGet
                0x30007271                device_status
                0x30007274                descConf
                0x3000727d                Rwuen
                0x3000727e                endpoint3_status
                0x30007280                descEndpt1
                0x30007288                StatusGet
                0x30007290                descIf
                0x3000729c                descSetup
 COMMON         0x300072a4       0x20 ./usbslave/usbout.o
                0x300072a4                ep3Buf
 COMMON         0x300072c4        0x4 ./usbslave/usbinterrupt.o
                0x300072c4                g_TimerIntHappen
                0x300072c8                _end = .
Address of section .text set to 0x30000000
LOAD start.o
LOAD lowlevel_init.o
LOAD nand.o
LOAD mmu.o
LOAD mmulib.o
LOAD interrupt.o
LOAD main.o
LOAD 2440lib.o
LOAD print.o
LOAD ./usbslave/usbinit.o
LOAD ./usbslave/usbmain.o
LOAD ./usbslave/usblib.o
LOAD ./usbslave/usbsetup.o
LOAD ./usbslave/usbout.o
LOAD ./usbslave/usbinterrupt.o
START GROUP
LOAD /home/sun/study/crosstools/4.4.3/lib/gcc/arm-none-linux-gnueabi/4.4.3/libgcc.a
LOAD /home/sun/study/crosstools/4.4.3/lib/gcc/arm-none-linux-gnueabi/4.4.3/libgcc_eh.a
LOAD /home/sun/study/crosstools/4.4.3/lib/gcc/arm-none-linux-gnueabi/4.4.3/libgcov.a
LOAD /home/sun/study/crosstools/4.4.3/arm-none-linux-gnueabi/sys-root/usr/lib/libc.a
END GROUP
OUTPUT(usbslave.elf elf32-littlearm)

.tbss           0x300072c8        0x4
 .tbss          0x300072c8        0x4 /home/sun/study/crosstools/4.4.3/arm-none-linux-gnueabi/sys-root/usr/lib/libc.a(errno.o)
                0x300072c8                errno
                0x300072c8                __libc_errno

.ARM.attributes
                0x00000000       0x26
 .ARM.attributes
                0x00000000       0x1a start.o
 .ARM.attributes
                0x0000001a       0x2a mmu.o
 .ARM.attributes
                0x00000044       0x1a mmulib.o
 .ARM.attributes
                0x0000005e       0x2a main.o
 .ARM.attributes
                0x00000088       0x2a 2440lib.o
 .ARM.attributes
                0x000000b2       0x2a print.o
 .ARM.attributes
                0x000000dc       0x2a ./usbslave/usbinit.o
 .ARM.attributes
                0x00000106       0x2a ./usbslave/usbmain.o
 .ARM.attributes
                0x00000130       0x2a ./usbslave/usblib.o
 .ARM.attributes
                0x0000015a       0x2a ./usbslave/usbsetup.o
 .ARM.attributes
                0x00000184       0x2a ./usbslave/usbout.o
 .ARM.attributes
                0x000001ae       0x2a ./usbslave/usbinterrupt.o
 .ARM.attributes
                0x000001d8       0x1a /home/sun/study/crosstools/4.4.3/lib/gcc/arm-none-linux-gnueabi/4.4.3/libgcc.a(_udivsi3.o)
 .ARM.attributes
                0x000001f2       0x1a /home/sun/study/crosstools/4.4.3/lib/gcc/arm-none-linux-gnueabi/4.4.3/libgcc.a(_dvmd_lnx.o)
 .ARM.attributes
                0x0000020c       0x2f /home/sun/study/crosstools/4.4.3/arm-none-linux-gnueabi/sys-root/usr/lib/libc.a(raise.o)
 .ARM.attributes
                0x0000023b       0x2f /home/sun/study/crosstools/4.4.3/arm-none-linux-gnueabi/sys-root/usr/lib/libc.a(errno.o)
 .ARM.attributes
                0x0000026a       0x1a /home/sun/study/crosstools/4.4.3/arm-none-linux-gnueabi/sys-root/usr/lib/libc.a(aeabi_read_tp.o)

.comment        0x00000000       0x29
 .comment       0x00000000       0x18 mmu.o
                                 0x19 (size before relaxing)
 .comment       0x00000000       0x19 main.o
 .comment       0x00000000       0x19 2440lib.o
 .comment       0x00000000       0x19 print.o
 .comment       0x00000000       0x19 ./usbslave/usbinit.o
 .comment       0x00000000       0x19 ./usbslave/usbmain.o
 .comment       0x00000000       0x19 ./usbslave/usblib.o
 .comment       0x00000000       0x19 ./usbslave/usbsetup.o
 .comment       0x00000000       0x19 ./usbslave/usbout.o
 .comment       0x00000000       0x19 ./usbslave/usbinterrupt.o
 .comment       0x00000018       0x11 /home/sun/study/crosstools/4.4.3/arm-none-linux-gnueabi/sys-root/usr/lib/libc.a(raise.o)
                                 0x12 (size before relaxing)
 .comment       0x00000000       0x12 /home/sun/study/crosstools/4.4.3/arm-none-linux-gnueabi/sys-root/usr/lib/libc.a(errno.o)

.note.GNU-stack
                0x00000000        0x0
 .note.GNU-stack
                0x00000000        0x0 mmu.o
 .note.GNU-stack
                0x00000000        0x0 main.o
 .note.GNU-stack
                0x00000000        0x0 2440lib.o
 .note.GNU-stack
                0x00000000        0x0 print.o
 .note.GNU-stack
                0x00000000        0x0 ./usbslave/usbinit.o
 .note.GNU-stack
                0x00000000        0x0 ./usbslave/usbmain.o
 .note.GNU-stack
                0x00000000        0x0 ./usbslave/usblib.o
 .note.GNU-stack
                0x00000000        0x0 ./usbslave/usbsetup.o
 .note.GNU-stack
                0x00000000        0x0 ./usbslave/usbout.o
 .note.GNU-stack
                0x00000000        0x0 ./usbslave/usbinterrupt.o
 .note.GNU-stack
                0x00000000        0x0 /home/sun/study/crosstools/4.4.3/lib/gcc/arm-none-linux-gnueabi/4.4.3/libgcc.a(_udivsi3.o)
 .note.GNU-stack
                0x00000000        0x0 /home/sun/study/crosstools/4.4.3/lib/gcc/arm-none-linux-gnueabi/4.4.3/libgcc.a(_dvmd_lnx.o)
 .note.GNU-stack
                0x00000000        0x0 /home/sun/study/crosstools/4.4.3/arm-none-linux-gnueabi/sys-root/usr/lib/libc.a(raise.o)
 .note.GNU-stack
                0x00000000        0x0 /home/sun/study/crosstools/4.4.3/arm-none-linux-gnueabi/sys-root/usr/lib/libc.a(errno.o)

.debug_frame    0x00000000       0x2c
 .debug_frame   0x00000000       0x2c /home/sun/study/crosstools/4.4.3/lib/gcc/arm-none-linux-gnueabi/4.4.3/libgcc.a(_udivsi3.o)

.debug_line     0x00000000      0x15a
 .debug_line    0x00000000       0xbf /home/sun/study/crosstools/4.4.3/lib/gcc/arm-none-linux-gnueabi/4.4.3/libgcc.a(_udivsi3.o)
 .debug_line    0x000000bf       0x9b /home/sun/study/crosstools/4.4.3/lib/gcc/arm-none-linux-gnueabi/4.4.3/libgcc.a(_dvmd_lnx.o)

.debug_info     0x00000000      0x20a
 .debug_info    0x00000000      0x105 /home/sun/study/crosstools/4.4.3/lib/gcc/arm-none-linux-gnueabi/4.4.3/libgcc.a(_udivsi3.o)
 .debug_info    0x00000105      0x105 /home/sun/study/crosstools/4.4.3/lib/gcc/arm-none-linux-gnueabi/4.4.3/libgcc.a(_dvmd_lnx.o)

.debug_abbrev   0x00000000       0x28
 .debug_abbrev  0x00000000       0x14 /home/sun/study/crosstools/4.4.3/lib/gcc/arm-none-linux-gnueabi/4.4.3/libgcc.a(_udivsi3.o)
 .debug_abbrev  0x00000014       0x14 /home/sun/study/crosstools/4.4.3/lib/gcc/arm-none-linux-gnueabi/4.4.3/libgcc.a(_dvmd_lnx.o)

.debug_aranges  0x00000000       0x40
 .debug_aranges
                0x00000000       0x20 /home/sun/study/crosstools/4.4.3/lib/gcc/arm-none-linux-gnueabi/4.4.3/libgcc.a(_udivsi3.o)
 .debug_aranges
                0x00000020       0x20 /home/sun/study/crosstools/4.4.3/lib/gcc/arm-none-linux-gnueabi/4.4.3/libgcc.a(_dvmd_lnx.o)
